#-----------------------------------------------------------
# Vivado v2023.1 (64-bit)
# SW Build 3865809 on Sun May  7 15:05:29 MDT 2023
# IP Build 3864474 on Sun May  7 20:36:21 MDT 2023
# SharedData Build 3865790 on Sun May 07 13:33:03 MDT 2023
# Start of session at: Sun Dec 24 02:31:56 2023
# Process ID: 20692
# Current directory: C:/Users/riann/OneDrive/桌面/fp_1223/lab10
# Command line: vivado.exe -gui_launcher_event rodinguilauncherevent26328 C:\Users\riann\OneDrive\桌面\fp_1223\lab10\lab10.xpr
# Log file: C:/Users/riann/OneDrive/桌面/fp_1223/lab10/vivado.log
# Journal file: C:/Users/riann/OneDrive/桌面/fp_1223/lab10\vivado.jou
# Running On: LAPTOP-PT3593SA, OS: Windows, CPU Frequency: 2803 MHz, CPU Physical cores: 4, Host memory: 16885 MB
#-----------------------------------------------------------
start_gui
open_project C:/Users/riann/OneDrive/桌面/fp_1223/lab10/lab10.xpr
update_compile_order -fileset sources_1
reset_run synth_1
launch_runs impl_1 -to_step write_bitstream -jobs 4
wait_on_run impl_1
